components/tracker/MonthView.tsx(23,7): error TS2657: JSX expressions must have one parent element.
components/tracker/MonthView.tsx(29,44): error TS1005: '}' expected.
components/tracker/MonthView.tsx(29,50): error TS1003: Identifier expected.
components/tracker/MonthView.tsx(29,51): error TS1382: Unexpected token. Did you mean `{'>'}` or `&gt;`?
components/tracker/MonthView.tsx(29,67): error TS17002: Expected corresponding JSX closing tag for 'View'.
components/tracker/MonthView.tsx(44,7): error TS1005: ')' expected.
components/tracker/MonthView.tsx(45,5): error TS1109: Expression expected.
components/tracker/MonthView.tsx(46,3): error TS1128: Declaration or statement expected.
components/tracker/MonthView.tsx(201,1): error TS1128: Declaration or statement expected.
